{"ts":"2026-10-03T05:31:46.946Z","engineVersion":"0.1.0","event":"INTENT_CREATED","space":"default","intent":"261003-t-i-mu","scope":"classic"}
{"ts":"2026-10-03T05:31:46.947Z","engineVersion":"0.1.0","event":"SCOPE_SELECTED","space":"default","intent":"261003-t-i-mu","scope":"classic"}
{"ts":"2026-10-03T05:31:46.947Z","engineVersion":"0.1.0","event":"STAGE_STARTED","space":"default","intent":"261003-t-i-mu","phase":"analyze","stage":"intent-capture"}
{"ts":"2026-10-03T05:33:14.223Z","engineVersion":"0.1.0","space":"default","intent":"261003-t-i-mu","phase":"analyze","stage":"intent-capture","result":"awaiting-approval","userInput":null,"reason":null,"event":"STAGE_AWAITING_APPROVAL"}
{"ts":"2026-10-03T05:33:14.223Z","engineVersion":"0.1.0","event":"STAGE_AUTO_APPROVED","space":"default","intent":"261003-t-i-mu","phase":"analyze","stage":"intent-capture","reason":"yolo mode: gate auto-satisfied with the recommended answer"}
{"ts":"2026-10-03T05:33:14.224Z","engineVersion":"0.1.0","event":"STAGE_STARTED","space":"default","intent":"261003-t-i-mu","phase":"analyze","stage":"requirements-analysis"}
{"ts":"2026-10-03T05:33:47.443Z","engineVersion":"0.1.0","space":"default","intent":"261003-t-i-mu","phase":"analyze","stage":"requirements-analysis","result":"awaiting-approval","userInput":null,"reason":null,"event":"STAGE_AWAITING_APPROVAL"}
{"ts":"2026-10-03T05:33:47.443Z","engineVersion":"0.1.0","event":"STAGE_AUTO_APPROVED","space":"default","intent":"261003-t-i-mu","phase":"analyze","stage":"requirements-analysis","reason":"yolo mode: gate auto-satisfied with the recommended answer"}
{"ts":"2026-10-03T05:33:47.444Z","engineVersion":"0.1.0","event":"STAGE_STARTED","space":"default","intent":"261003-t-i-mu","phase":"analyze","stage":"research-synthesis"}
{"ts":"2026-10-03T05:34:54.809Z","engineVersion":"0.1.0","space":"default","intent":"261003-t-i-mu","phase":"analyze","stage":"research-synthesis","result":"awaiting-approval","userInput":null,"reason":null,"event":"STAGE_AWAITING_APPROVAL"}
{"ts":"2026-10-03T05:34:54.810Z","engineVersion":"0.1.0","event":"STAGE_AUTO_APPROVED","space":"default","intent":"261003-t-i-mu","phase":"analyze","stage":"research-synthesis","reason":"yolo mode: gate auto-satisfied with the recommended answer"}
{"ts":"2026-10-03T05:34:54.810Z","engineVersion":"0.1.0","event":"STAGE_STARTED","space":"default","intent":"261003-t-i-mu","phase":"analyze","stage":"feasibility-assessment"}
{"ts":"2026-10-03T05:35:17.185Z","engineVersion":"0.1.0","space":"default","intent":"261003-t-i-mu","phase":"analyze","stage":"feasibility-assessment","result":"awaiting-approval","userInput":null,"reason":null,"event":"STAGE_AWAITING_APPROVAL"}
{"ts":"2026-10-03T05:35:17.186Z","engineVersion":"0.1.0","event":"STAGE_AUTO_APPROVED","space":"default","intent":"261003-t-i-mu","phase":"analyze","stage":"feasibility-assessment","reason":"yolo mode: gate auto-satisfied with the recommended answer"}
{"ts":"2026-10-03T05:35:17.186Z","engineVersion":"0.1.0","event":"STAGE_STARTED","space":"default","intent":"261003-t-i-mu","phase":"ideate","stage":"architecture-design"}
{"ts":"2026-10-03T05:49:11.234Z","engineVersion":"0.1.0","space":"default","intent":"261003-t-i-mu","phase":"ideate","stage":"architecture-design","result":"awaiting-approval","userInput":null,"reason":null,"event":"STAGE_AWAITING_APPROVAL"}
{"ts":"2026-10-03T05:49:11.234Z","engineVersion":"0.1.0","event":"STAGE_AUTO_APPROVED","space":"default","intent":"261003-t-i-mu","phase":"ideate","stage":"architecture-design","reason":"yolo mode: gate auto-satisfied with the recommended answer"}
{"ts":"2026-10-03T05:49:11.234Z","engineVersion":"0.1.0","event":"STAGE_STARTED","space":"default","intent":"261003-t-i-mu","phase":"ideate","stage":"api-contract"}
{"ts":"2026-10-03T05:49:11.274Z","engineVersion":"0.1.0","space":"default","intent":"261003-t-i-mu","phase":"ideate","stage":"design-patterns","result":"awaiting-approval","userInput":null,"reason":null,"event":"STAGE_AWAITING_APPROVAL"}
{"ts":"2026-10-03T05:49:11.311Z","engineVersion":"0.1.0","space":"default","intent":"261003-t-i-mu","phase":"ideate","stage":"api-contract","result":"awaiting-approval","userInput":null,"reason":null,"event":"STAGE_AWAITING_APPROVAL"}
{"ts":"2026-10-03T05:49:11.312Z","engineVersion":"0.1.0","event":"STAGE_AUTO_APPROVED","space":"default","intent":"261003-t-i-mu","phase":"ideate","stage":"api-contract","reason":"yolo mode: gate auto-satisfied with the recommended answer"}
{"ts":"2026-10-03T05:49:11.312Z","engineVersion":"0.1.0","event":"STAGE_AUTO_APPROVED","space":"default","intent":"261003-t-i-mu","phase":"ideate","stage":"design-patterns","reason":"yolo mode: gate auto-satisfied with the recommended answer"}
{"ts":"2026-10-03T05:49:11.312Z","engineVersion":"0.1.0","event":"STAGE_STARTED","space":"default","intent":"261003-t-i-mu","phase":"ideate","stage":"technical-spec"}
{"ts":"2026-10-03T05:49:11.349Z","engineVersion":"0.1.0","space":"default","intent":"261003-t-i-mu","phase":"ideate","stage":"technical-spec","result":"awaiting-approval","userInput":null,"reason":null,"event":"STAGE_AWAITING_APPROVAL"}
{"ts":"2026-10-03T05:49:11.349Z","engineVersion":"0.1.0","event":"STAGE_AUTO_APPROVED","space":"default","intent":"261003-t-i-mu","phase":"ideate","stage":"technical-spec","reason":"yolo mode: gate auto-satisfied with the recommended answer"}
{"ts":"2026-10-03T05:49:11.350Z","engineVersion":"0.1.0","event":"STAGE_STARTED","space":"default","intent":"261003-t-i-mu","phase":"develop","stage":"task-planning"}
{"ts":"2026-10-03T05:49:20.101Z","engineVersion":"0.1.0","event":"WORKFLOW_PARKED","space":"default","intent":"261003-t-i-mu","stage":"task-planning"}
{"ts":"2026-10-03T05:59:07.200Z","engineVersion":"0.1.0","space":"default","intent":"261003-t-i-mu","phase":"develop","stage":"task-planning","result":"awaiting-approval","userInput":null,"reason":null,"event":"STAGE_AWAITING_APPROVAL"}
{"ts":"2026-10-03T05:59:07.201Z","engineVersion":"0.1.0","event":"STAGE_AUTO_APPROVED","space":"default","intent":"261003-t-i-mu","phase":"develop","stage":"task-planning","reason":"yolo mode: gate auto-satisfied with the recommended answer"}
{"ts":"2026-10-03T05:59:07.201Z","engineVersion":"0.1.0","event":"STAGE_STARTED","space":"default","intent":"261003-t-i-mu","phase":"develop","stage":"code-generation"}
{"ts":"2026-10-03T06:38:54.788Z","engineVersion":"0.1.0","space":"default","intent":"261003-t-i-mu","phase":"develop","stage":"code-generation","result":"awaiting-approval","userInput":null,"reason":null,"event":"STAGE_AWAITING_APPROVAL"}
{"ts":"2026-10-03T06:38:54.789Z","engineVersion":"0.1.0","event":"STAGE_AUTO_APPROVED","space":"default","intent":"261003-t-i-mu","phase":"develop","stage":"code-generation","reason":"yolo mode: gate auto-satisfied with the recommended answer"}
{"ts":"2026-10-03T06:38:54.790Z","engineVersion":"0.1.0","event":"STAGE_STARTED","space":"default","intent":"261003-t-i-mu","phase":"develop","stage":"code-review"}
{"ts":"2026-10-03T06:57:36.301Z","engineVersion":"0.1.0","space":"default","intent":"261003-t-i-mu","phase":"develop","stage":"code-review","result":"awaiting-approval","userInput":null,"reason":null,"event":"STAGE_AWAITING_APPROVAL"}
{"ts":"2026-10-03T06:57:36.302Z","engineVersion":"0.1.0","event":"STAGE_AUTO_APPROVED","space":"default","intent":"261003-t-i-mu","phase":"develop","stage":"code-review","reason":"yolo mode: gate auto-satisfied with the recommended answer"}
{"ts":"2026-10-03T06:57:36.302Z","engineVersion":"0.1.0","event":"STAGE_STARTED","space":"default","intent":"261003-t-i-mu","phase":"develop","stage":"refactor"}
{"ts":"2026-10-03T06:57:41.491Z","engineVersion":"0.1.0","space":"default","intent":"261003-t-i-mu","phase":"develop","stage":"refactor","result":"skipped","userInput":null,"reason":"Review found no structural debt worth addressing now; all findings were fixed in place during code review.","event":"STAGE_SKIPPED"}
{"ts":"2026-10-03T06:57:41.492Z","engineVersion":"0.1.0","event":"STAGE_STARTED","space":"default","intent":"261003-t-i-mu","phase":"launch","stage":"test-plan"}
{"ts":"2026-10-03T06:57:46.951Z","engineVersion":"0.1.0","event":"WORKFLOW_PARKED","space":"default","intent":"261003-t-i-mu","stage":"test-plan"}
{"ts":"2026-10-03T07:46:50.254Z","engineVersion":"0.1.0","event":"INTENT_CREATED","space":"default","intent":"261003-encrypt-user-pii","scope":"feature"}
{"ts":"2026-10-03T07:46:50.254Z","engineVersion":"0.1.0","event":"SCOPE_SELECTED","space":"default","intent":"261003-encrypt-user-pii","scope":"feature"}
{"ts":"2026-10-03T07:46:50.255Z","engineVersion":"0.1.0","event":"STAGE_STARTED","space":"default","intent":"261003-encrypt-user-pii","phase":"analyze","stage":"intent-capture"}
{"ts":"2026-10-03T07:48:22.930Z","engineVersion":"0.1.0","space":"default","intent":"261003-encrypt-user-pii","phase":"analyze","stage":"intent-capture","result":"approved","userInput":null,"reason":null,"event":"STAGE_APPROVED"}
{"ts":"2026-10-03T07:48:22.931Z","engineVersion":"0.1.0","event":"STAGE_STARTED","space":"default","intent":"261003-encrypt-user-pii","phase":"analyze","stage":"requirements-analysis"}
{"ts":"2026-10-03T07:50:29.138Z","engineVersion":"0.1.0","space":"default","intent":"261003-encrypt-user-pii","phase":"analyze","stage":"requirements-analysis","result":"approved","userInput":null,"reason":null,"event":"STAGE_APPROVED"}
{"ts":"2026-10-03T07:50:29.139Z","engineVersion":"0.1.0","event":"STAGE_STARTED","space":"default","intent":"261003-encrypt-user-pii","phase":"analyze","stage":"feasibility-assessment"}
{"ts":"2026-10-03T07:51:26.091Z","engineVersion":"0.1.0","space":"default","intent":"261003-encrypt-user-pii","phase":"analyze","stage":"feasibility-assessment","result":"approved","userInput":null,"reason":null,"event":"STAGE_APPROVED"}
{"ts":"2026-10-03T07:51:26.092Z","engineVersion":"0.1.0","event":"STAGE_STARTED","space":"default","intent":"261003-encrypt-user-pii","phase":"ideate","stage":"architecture-design"}
{"ts":"2026-10-03T07:52:42.339Z","engineVersion":"0.1.0","space":"default","intent":"261003-encrypt-user-pii","phase":"ideate","stage":"architecture-design","result":"approved","userInput":null,"reason":null,"event":"STAGE_APPROVED"}
{"ts":"2026-10-03T07:52:42.340Z","engineVersion":"0.1.0","event":"STAGE_STARTED","space":"default","intent":"261003-encrypt-user-pii","phase":"ideate","stage":"api-contract"}
{"ts":"2026-10-03T07:53:52.788Z","engineVersion":"0.1.0","space":"default","intent":"261003-encrypt-user-pii","phase":"ideate","stage":"api-contract","result":"approved","userInput":null,"reason":null,"event":"STAGE_APPROVED"}
{"ts":"2026-10-03T07:53:52.789Z","engineVersion":"0.1.0","event":"STAGE_STARTED","space":"default","intent":"261003-encrypt-user-pii","phase":"ideate","stage":"design-patterns"}
{"ts":"2026-10-03T07:54:10.403Z","engineVersion":"0.1.0","space":"default","intent":"261003-encrypt-user-pii","phase":"ideate","stage":"design-patterns","result":"approved","userInput":null,"reason":null,"event":"STAGE_APPROVED"}
{"ts":"2026-10-03T07:54:10.404Z","engineVersion":"0.1.0","event":"STAGE_STARTED","space":"default","intent":"261003-encrypt-user-pii","phase":"ideate","stage":"technical-spec"}
{"ts":"2026-10-03T07:54:51.080Z","engineVersion":"0.1.0","space":"default","intent":"261003-encrypt-user-pii","phase":"ideate","stage":"technical-spec","result":"approved","userInput":null,"reason":null,"event":"STAGE_APPROVED"}
{"ts":"2026-10-03T07:54:51.081Z","engineVersion":"0.1.0","event":"STAGE_STARTED","space":"default","intent":"261003-encrypt-user-pii","phase":"develop","stage":"task-planning"}
{"ts":"2026-10-03T07:55:15.588Z","engineVersion":"0.1.0","space":"default","intent":"261003-encrypt-user-pii","phase":"develop","stage":"task-planning","result":"approved","userInput":null,"reason":null,"event":"STAGE_APPROVED"}
{"ts":"2026-10-03T07:55:15.589Z","engineVersion":"0.1.0","event":"STAGE_STARTED","space":"default","intent":"261003-encrypt-user-pii","phase":"develop","stage":"code-generation"}
{"ts":"2026-10-03T08:31:32.166Z","engineVersion":"0.1.0","space":"default","intent":"261003-encrypt-user-pii","phase":"develop","stage":"code-generation","result":"approved","userInput":null,"reason":null,"event":"STAGE_APPROVED"}
{"ts":"2026-10-03T08:31:32.168Z","engineVersion":"0.1.0","event":"STAGE_STARTED","space":"default","intent":"261003-encrypt-user-pii","phase":"develop","stage":"code-review"}
{"ts":"2026-10-03T08:48:27.637Z","engineVersion":"0.1.0","space":"default","intent":"261003-encrypt-user-pii","phase":"develop","stage":"code-review","result":"approved","userInput":null,"reason":null,"event":"STAGE_APPROVED"}
{"ts":"2026-10-03T08:48:27.638Z","engineVersion":"0.1.0","event":"STAGE_STARTED","space":"default","intent":"261003-encrypt-user-pii","phase":"develop","stage":"refactor"}
{"ts":"2026-10-03T08:48:27.677Z","engineVersion":"0.1.0","space":"default","intent":"261003-encrypt-user-pii","phase":"develop","stage":"refactor","result":"skipped","userInput":null,"reason":"All review findings were fixed in place; no structural debt worth a separate pass.","event":"STAGE_SKIPPED"}
{"ts":"2026-10-03T08:48:27.677Z","engineVersion":"0.1.0","event":"STAGE_STARTED","space":"default","intent":"261003-encrypt-user-pii","phase":"launch","stage":"test-plan"}
{"ts":"2026-10-03T08:48:31.799Z","engineVersion":"0.1.0","event":"WORKFLOW_PARKED","space":"default","intent":"261003-encrypt-user-pii","stage":"test-plan"}
{"ts":"2026-10-03T09:22:39.517Z","engineVersion":"0.1.0","event":"INTENT_CREATED","space":"default","intent":"261003-add-ory-hydra","scope":"feature"}
{"ts":"2026-10-03T09:22:39.517Z","engineVersion":"0.1.0","event":"SCOPE_SELECTED","space":"default","intent":"261003-add-ory-hydra","scope":"feature"}
{"ts":"2026-10-03T09:22:39.518Z","engineVersion":"0.1.0","event":"STAGE_STARTED","space":"default","intent":"261003-add-ory-hydra","phase":"analyze","stage":"intent-capture"}
{"ts":"2026-10-03T09:25:05.860Z","engineVersion":"0.1.0","space":"default","intent":"261003-add-ory-hydra","phase":"analyze","stage":"intent-capture","result":"approved","userInput":null,"reason":null,"event":"STAGE_APPROVED"}
{"ts":"2026-10-03T09:25:05.861Z","engineVersion":"0.1.0","event":"STAGE_STARTED","space":"default","intent":"261003-add-ory-hydra","phase":"analyze","stage":"requirements-analysis"}
{"ts":"2026-10-03T09:25:05.899Z","engineVersion":"0.1.0","space":"default","intent":"261003-add-ory-hydra","phase":"analyze","stage":"requirements-analysis","result":"approved","userInput":null,"reason":null,"event":"STAGE_APPROVED"}
{"ts":"2026-10-03T09:25:05.900Z","engineVersion":"0.1.0","event":"STAGE_STARTED","space":"default","intent":"261003-add-ory-hydra","phase":"analyze","stage":"feasibility-assessment"}
{"ts":"2026-10-03T09:25:05.941Z","engineVersion":"0.1.0","space":"default","intent":"261003-add-ory-hydra","phase":"analyze","stage":"feasibility-assessment","result":"approved","userInput":null,"reason":null,"event":"STAGE_APPROVED"}
{"ts":"2026-10-03T09:25:05.942Z","engineVersion":"0.1.0","event":"STAGE_STARTED","space":"default","intent":"261003-add-ory-hydra","phase":"ideate","stage":"architecture-design"}
{"ts":"2026-10-03T09:27:12.421Z","engineVersion":"0.1.0","space":"default","intent":"261003-add-ory-hydra","phase":"ideate","stage":"architecture-design","result":"approved","userInput":null,"reason":null,"event":"STAGE_APPROVED"}
{"ts":"2026-10-03T09:27:12.421Z","engineVersion":"0.1.0","event":"STAGE_STARTED","space":"default","intent":"261003-add-ory-hydra","phase":"ideate","stage":"api-contract"}
{"ts":"2026-10-03T09:28:10.038Z","engineVersion":"0.1.0","space":"default","intent":"261003-add-ory-hydra","phase":"ideate","stage":"api-contract","result":"approved","userInput":null,"reason":null,"event":"STAGE_APPROVED"}
{"ts":"2026-10-03T09:28:10.039Z","engineVersion":"0.1.0","event":"STAGE_STARTED","space":"default","intent":"261003-add-ory-hydra","phase":"ideate","stage":"design-patterns"}
{"ts":"2026-10-03T09:28:10.075Z","engineVersion":"0.1.0","space":"default","intent":"261003-add-ory-hydra","phase":"ideate","stage":"design-patterns","result":"approved","userInput":null,"reason":null,"event":"STAGE_APPROVED"}
{"ts":"2026-10-03T09:28:10.076Z","engineVersion":"0.1.0","event":"STAGE_STARTED","space":"default","intent":"261003-add-ory-hydra","phase":"ideate","stage":"technical-spec"}
{"ts":"2026-10-03T09:28:10.112Z","engineVersion":"0.1.0","space":"default","intent":"261003-add-ory-hydra","phase":"ideate","stage":"technical-spec","result":"approved","userInput":null,"reason":null,"event":"STAGE_APPROVED"}
{"ts":"2026-10-03T09:28:10.113Z","engineVersion":"0.1.0","event":"STAGE_STARTED","space":"default","intent":"261003-add-ory-hydra","phase":"develop","stage":"task-planning"}
{"ts":"2026-10-03T09:28:42.179Z","engineVersion":"0.1.0","space":"default","intent":"261003-add-ory-hydra","phase":"develop","stage":"task-planning","result":"approved","userInput":null,"reason":null,"event":"STAGE_APPROVED"}
{"ts":"2026-10-03T09:28:42.180Z","engineVersion":"0.1.0","event":"STAGE_STARTED","space":"default","intent":"261003-add-ory-hydra","phase":"develop","stage":"code-generation"}
{"ts":"2026-10-03T10:25:18.140Z","engineVersion":"0.1.0","space":"default","intent":"261003-add-ory-hydra","phase":"develop","stage":"code-generation","result":"approved","userInput":null,"reason":null,"event":"STAGE_APPROVED"}
{"ts":"2026-10-03T10:25:18.141Z","engineVersion":"0.1.0","event":"STAGE_STARTED","space":"default","intent":"261003-add-ory-hydra","phase":"develop","stage":"code-review"}
{"ts":"2026-10-03T10:25:18.179Z","engineVersion":"0.1.0","space":"default","intent":"261003-add-ory-hydra","phase":"develop","stage":"code-review","result":"approved","userInput":null,"reason":null,"event":"STAGE_APPROVED"}
{"ts":"2026-10-03T10:25:18.179Z","engineVersion":"0.1.0","event":"STAGE_STARTED","space":"default","intent":"261003-add-ory-hydra","phase":"develop","stage":"refactor"}
{"ts":"2026-10-03T10:25:18.216Z","engineVersion":"0.1.0","space":"default","intent":"261003-add-ory-hydra","phase":"develop","stage":"refactor","result":"skipped","userInput":null,"reason":"Review findings fixed in place; no structural debt.","event":"STAGE_SKIPPED"}
{"ts":"2026-10-03T10:25:18.217Z","engineVersion":"0.1.0","event":"STAGE_STARTED","space":"default","intent":"261003-add-ory-hydra","phase":"launch","stage":"test-plan"}
{"ts":"2026-10-03T10:25:18.253Z","engineVersion":"0.1.0","event":"WORKFLOW_PARKED","space":"default","intent":"261003-add-ory-hydra","stage":"test-plan"}
{"ts":"2026-10-03T15:24:16.128Z","engineVersion":"0.1.0","event":"INTENT_CREATED","space":"default","intent":"261003-move-customer-full","scope":"feature"}
{"ts":"2026-10-03T15:24:16.128Z","engineVersion":"0.1.0","event":"SCOPE_SELECTED","space":"default","intent":"261003-move-customer-full","scope":"feature"}
{"ts":"2026-10-03T15:24:16.129Z","engineVersion":"0.1.0","event":"STAGE_STARTED","space":"default","intent":"261003-move-customer-full","phase":"analyze","stage":"intent-capture"}
{"ts":"2026-10-03T15:26:02.607Z","engineVersion":"0.1.0","space":"default","intent":"261003-move-customer-full","phase":"analyze","stage":"intent-capture","result":"approved","userInput":null,"reason":null,"event":"STAGE_APPROVED"}
{"ts":"2026-10-03T15:26:02.608Z","engineVersion":"0.1.0","event":"STAGE_STARTED","space":"default","intent":"261003-move-customer-full","phase":"analyze","stage":"requirements-analysis"}
{"ts":"2026-10-03T15:27:01.225Z","engineVersion":"0.1.0","space":"default","intent":"261003-move-customer-full","phase":"analyze","stage":"requirements-analysis","result":"approved","userInput":null,"reason":null,"event":"STAGE_APPROVED"}
{"ts":"2026-10-03T15:27:01.226Z","engineVersion":"0.1.0","event":"STAGE_STARTED","space":"default","intent":"261003-move-customer-full","phase":"analyze","stage":"feasibility-assessment"}
{"ts":"2026-10-03T15:27:01.263Z","engineVersion":"0.1.0","space":"default","intent":"261003-move-customer-full","phase":"analyze","stage":"feasibility-assessment","result":"approved","userInput":null,"reason":null,"event":"STAGE_APPROVED"}
{"ts":"2026-10-03T15:27:01.264Z","engineVersion":"0.1.0","event":"STAGE_STARTED","space":"default","intent":"261003-move-customer-full","phase":"ideate","stage":"architecture-design"}
{"ts":"2026-10-03T15:27:56.423Z","engineVersion":"0.1.0","space":"default","intent":"261003-move-customer-full","phase":"ideate","stage":"architecture-design","result":"approved","userInput":null,"reason":null,"event":"STAGE_APPROVED"}
{"ts":"2026-10-03T15:27:56.424Z","engineVersion":"0.1.0","event":"STAGE_STARTED","space":"default","intent":"261003-move-customer-full","phase":"ideate","stage":"api-contract"}
{"ts":"2026-10-03T15:27:56.460Z","engineVersion":"0.1.0","space":"default","intent":"261003-move-customer-full","phase":"ideate","stage":"api-contract","result":"approved","userInput":null,"reason":null,"event":"STAGE_APPROVED"}
{"ts":"2026-10-03T15:27:56.461Z","engineVersion":"0.1.0","event":"STAGE_STARTED","space":"default","intent":"261003-move-customer-full","phase":"ideate","stage":"design-patterns"}
{"ts":"2026-10-03T15:27:56.500Z","engineVersion":"0.1.0","space":"default","intent":"261003-move-customer-full","phase":"ideate","stage":"design-patterns","result":"approved","userInput":null,"reason":null,"event":"STAGE_APPROVED"}
{"ts":"2026-10-03T15:27:56.501Z","engineVersion":"0.1.0","event":"STAGE_STARTED","space":"default","intent":"261003-move-customer-full","phase":"ideate","stage":"technical-spec"}
{"ts":"2026-10-03T15:27:56.538Z","engineVersion":"0.1.0","space":"default","intent":"261003-move-customer-full","phase":"ideate","stage":"technical-spec","result":"approved","userInput":null,"reason":null,"event":"STAGE_APPROVED"}
{"ts":"2026-10-03T15:27:56.538Z","engineVersion":"0.1.0","event":"STAGE_STARTED","space":"default","intent":"261003-move-customer-full","phase":"develop","stage":"task-planning"}
{"ts":"2026-10-03T15:28:34.381Z","engineVersion":"0.1.0","space":"default","intent":"261003-move-customer-full","phase":"develop","stage":"task-planning","result":"approved","userInput":null,"reason":null,"event":"STAGE_APPROVED"}
{"ts":"2026-10-03T15:28:34.382Z","engineVersion":"0.1.0","event":"STAGE_STARTED","space":"default","intent":"261003-move-customer-full","phase":"develop","stage":"code-generation"}
{"ts":"2026-10-03T15:49:48.729Z","engineVersion":"0.1.0","space":"default","intent":"261003-move-customer-full","phase":"develop","stage":"code-generation","result":"approved","userInput":null,"reason":null,"event":"STAGE_APPROVED"}
{"ts":"2026-10-03T15:49:48.730Z","engineVersion":"0.1.0","event":"STAGE_STARTED","space":"default","intent":"261003-move-customer-full","phase":"develop","stage":"code-review"}
{"ts":"2026-10-03T16:11:51.361Z","engineVersion":"0.1.0","space":"default","intent":"261003-move-customer-full","phase":"develop","stage":"code-review","result":"approved","userInput":null,"reason":null,"event":"STAGE_APPROVED"}
{"ts":"2026-10-03T16:11:51.361Z","engineVersion":"0.1.0","event":"STAGE_STARTED","space":"default","intent":"261003-move-customer-full","phase":"develop","stage":"refactor"}
{"ts":"2026-10-03T16:12:03.645Z","engineVersion":"0.1.0","space":"default","intent":"261003-move-customer-full","phase":"develop","stage":"refactor","result":"approved","userInput":null,"reason":null,"event":"STAGE_APPROVED"}
{"ts":"2026-10-03T16:12:03.646Z","engineVersion":"0.1.0","event":"STAGE_STARTED","space":"default","intent":"261003-move-customer-full","phase":"launch","stage":"test-plan"}
{"ts":"2026-10-03T16:12:08.381Z","engineVersion":"0.1.0","event":"WORKFLOW_PARKED","space":"default","intent":"261003-move-customer-full","stage":"test-plan"}
{"ts":"2026-10-04T02:04:27.934Z","engineVersion":"0.1.0","event":"INTENT_CREATED","space":"default","intent":"261004-pseudonymize-customer-login","scope":"feature"}
{"ts":"2026-10-04T02:04:27.934Z","engineVersion":"0.1.0","event":"SCOPE_SELECTED","space":"default","intent":"261004-pseudonymize-customer-login","scope":"feature"}
{"ts":"2026-10-04T02:04:27.935Z","engineVersion":"0.1.0","event":"STAGE_STARTED","space":"default","intent":"261004-pseudonymize-customer-login","phase":"analyze","stage":"intent-capture"}
{"ts":"2026-10-04T02:07:08.330Z","engineVersion":"0.1.0","space":"default","intent":"261004-pseudonymize-customer-login","phase":"analyze","stage":"intent-capture","result":"awaiting-approval","userInput":null,"reason":null,"event":"STAGE_AWAITING_APPROVAL"}
{"ts":"2026-10-04T02:07:08.331Z","engineVersion":"0.1.0","event":"STAGE_AUTO_APPROVED","space":"default","intent":"261004-pseudonymize-customer-login","phase":"analyze","stage":"intent-capture","reason":"yolo mode: gate auto-satisfied with the recommended answer"}
{"ts":"2026-10-04T02:07:08.331Z","engineVersion":"0.1.0","event":"STAGE_STARTED","space":"default","intent":"261004-pseudonymize-customer-login","phase":"analyze","stage":"requirements-analysis"}
{"ts":"2026-10-04T02:09:46.269Z","engineVersion":"0.1.0","space":"default","intent":"261004-pseudonymize-customer-login","phase":"analyze","stage":"requirements-analysis","result":"awaiting-approval","userInput":null,"reason":null,"event":"STAGE_AWAITING_APPROVAL"}
{"ts":"2026-10-04T02:09:46.270Z","engineVersion":"0.1.0","event":"STAGE_AUTO_APPROVED","space":"default","intent":"261004-pseudonymize-customer-login","phase":"analyze","stage":"requirements-analysis","reason":"yolo mode: gate auto-satisfied with the recommended answer"}
{"ts":"2026-10-04T02:09:46.270Z","engineVersion":"0.1.0","event":"STAGE_STARTED","space":"default","intent":"261004-pseudonymize-customer-login","phase":"analyze","stage":"feasibility-assessment"}
{"ts":"2026-10-04T02:13:40.823Z","engineVersion":"0.1.0","space":"default","intent":"261004-pseudonymize-customer-login","phase":"analyze","stage":"feasibility-assessment","result":"awaiting-approval","userInput":null,"reason":null,"event":"STAGE_AWAITING_APPROVAL"}
{"ts":"2026-10-04T02:13:40.823Z","engineVersion":"0.1.0","event":"STAGE_AUTO_APPROVED","space":"default","intent":"261004-pseudonymize-customer-login","phase":"analyze","stage":"feasibility-assessment","reason":"yolo mode: gate auto-satisfied with the recommended answer"}
{"ts":"2026-10-04T02:13:40.823Z","engineVersion":"0.1.0","event":"STAGE_STARTED","space":"default","intent":"261004-pseudonymize-customer-login","phase":"ideate","stage":"architecture-design"}
{"ts":"2026-10-04T02:19:15.477Z","engineVersion":"0.1.0","space":"default","intent":"261004-pseudonymize-customer-login","phase":"ideate","stage":"architecture-design","result":"awaiting-approval","userInput":null,"reason":null,"event":"STAGE_AWAITING_APPROVAL"}
{"ts":"2026-10-04T02:19:15.478Z","engineVersion":"0.1.0","event":"STAGE_AUTO_APPROVED","space":"default","intent":"261004-pseudonymize-customer-login","phase":"ideate","stage":"architecture-design","reason":"yolo mode: gate auto-satisfied with the recommended answer"}
{"ts":"2026-10-04T02:19:15.478Z","engineVersion":"0.1.0","event":"STAGE_STARTED","space":"default","intent":"261004-pseudonymize-customer-login","phase":"ideate","stage":"api-contract"}
{"ts":"2026-10-04T02:20:50.787Z","engineVersion":"0.1.0","space":"default","intent":"261004-pseudonymize-customer-login","phase":"ideate","stage":"api-contract","result":"awaiting-approval","userInput":null,"reason":null,"event":"STAGE_AWAITING_APPROVAL"}
{"ts":"2026-10-04T02:20:50.788Z","engineVersion":"0.1.0","event":"STAGE_AUTO_APPROVED","space":"default","intent":"261004-pseudonymize-customer-login","phase":"ideate","stage":"api-contract","reason":"yolo mode: gate auto-satisfied with the recommended answer"}
{"ts":"2026-10-04T02:20:50.788Z","engineVersion":"0.1.0","event":"STAGE_STARTED","space":"default","intent":"261004-pseudonymize-customer-login","phase":"ideate","stage":"design-patterns"}
{"ts":"2026-10-04T02:21:36.717Z","engineVersion":"0.1.0","space":"default","intent":"261004-pseudonymize-customer-login","phase":"ideate","stage":"design-patterns","result":"awaiting-approval","userInput":null,"reason":null,"event":"STAGE_AWAITING_APPROVAL"}
{"ts":"2026-10-04T02:21:36.717Z","engineVersion":"0.1.0","event":"STAGE_AUTO_APPROVED","space":"default","intent":"261004-pseudonymize-customer-login","phase":"ideate","stage":"design-patterns","reason":"yolo mode: gate auto-satisfied with the recommended answer"}
{"ts":"2026-10-04T02:21:36.718Z","engineVersion":"0.1.0","event":"STAGE_STARTED","space":"default","intent":"261004-pseudonymize-customer-login","phase":"ideate","stage":"technical-spec"}
{"ts":"2026-10-04T02:23:41.784Z","engineVersion":"0.1.0","space":"default","intent":"261004-pseudonymize-customer-login","phase":"ideate","stage":"technical-spec","result":"awaiting-approval","userInput":null,"reason":null,"event":"STAGE_AWAITING_APPROVAL"}
{"ts":"2026-10-04T02:23:41.785Z","engineVersion":"0.1.0","event":"STAGE_AUTO_APPROVED","space":"default","intent":"261004-pseudonymize-customer-login","phase":"ideate","stage":"technical-spec","reason":"yolo mode: gate auto-satisfied with the recommended answer"}
{"ts":"2026-10-04T02:23:41.785Z","engineVersion":"0.1.0","event":"STAGE_STARTED","space":"default","intent":"261004-pseudonymize-customer-login","phase":"develop","stage":"task-planning"}
{"ts":"2026-10-04T02:24:31.182Z","engineVersion":"0.1.0","space":"default","intent":"261004-pseudonymize-customer-login","phase":"develop","stage":"task-planning","result":"awaiting-approval","userInput":null,"reason":null,"event":"STAGE_AWAITING_APPROVAL"}
{"ts":"2026-10-04T02:24:31.182Z","engineVersion":"0.1.0","event":"STAGE_AUTO_APPROVED","space":"default","intent":"261004-pseudonymize-customer-login","phase":"develop","stage":"task-planning","reason":"yolo mode: gate auto-satisfied with the recommended answer"}
{"ts":"2026-10-04T02:24:31.182Z","engineVersion":"0.1.0","event":"STAGE_STARTED","space":"default","intent":"261004-pseudonymize-customer-login","phase":"develop","stage":"code-generation"}
{"ts":"2026-10-04T05:39:02.144Z","engineVersion":"0.1.0","space":"default","intent":"261004-pseudonymize-customer-login","phase":"develop","stage":"code-generation","result":"awaiting-approval","userInput":null,"reason":null,"event":"STAGE_AWAITING_APPROVAL"}
{"ts":"2026-10-04T05:39:02.145Z","engineVersion":"0.1.0","event":"STAGE_AUTO_APPROVED","space":"default","intent":"261004-pseudonymize-customer-login","phase":"develop","stage":"code-generation","reason":"yolo mode: gate auto-satisfied with the recommended answer"}
{"ts":"2026-10-04T05:39:02.145Z","engineVersion":"0.1.0","event":"STAGE_STARTED","space":"default","intent":"261004-pseudonymize-customer-login","phase":"develop","stage":"code-review"}
{"ts":"2026-10-04T05:58:24.846Z","engineVersion":"0.1.0","space":"default","intent":"261004-pseudonymize-customer-login","phase":"develop","stage":"code-review","result":"awaiting-approval","userInput":null,"reason":null,"event":"STAGE_AWAITING_APPROVAL"}
{"ts":"2026-10-04T05:58:24.847Z","engineVersion":"0.1.0","event":"STAGE_AUTO_APPROVED","space":"default","intent":"261004-pseudonymize-customer-login","phase":"develop","stage":"code-review","reason":"yolo mode: gate auto-satisfied with the recommended answer"}
{"ts":"2026-10-04T05:58:24.847Z","engineVersion":"0.1.0","event":"STAGE_STARTED","space":"default","intent":"261004-pseudonymize-customer-login","phase":"develop","stage":"refactor"}
{"ts":"2026-10-04T05:59:38.340Z","engineVersion":"0.1.0","space":"default","intent":"261004-pseudonymize-customer-login","phase":"develop","stage":"refactor","result":"awaiting-approval","userInput":null,"reason":null,"event":"STAGE_AWAITING_APPROVAL"}
{"ts":"2026-10-04T05:59:38.341Z","engineVersion":"0.1.0","event":"STAGE_AUTO_APPROVED","space":"default","intent":"261004-pseudonymize-customer-login","phase":"develop","stage":"refactor","reason":"yolo mode: gate auto-satisfied with the recommended answer"}
{"ts":"2026-10-04T05:59:38.341Z","engineVersion":"0.1.0","event":"STAGE_STARTED","space":"default","intent":"261004-pseudonymize-customer-login","phase":"launch","stage":"test-plan"}
{"ts":"2026-10-04T06:00:21.798Z","engineVersion":"0.1.0","space":"default","intent":"261004-pseudonymize-customer-login","phase":"launch","stage":"test-plan","result":"awaiting-approval","userInput":null,"reason":null,"event":"STAGE_AWAITING_APPROVAL"}
{"ts":"2026-10-04T06:00:21.799Z","engineVersion":"0.1.0","event":"STAGE_AUTO_APPROVED","space":"default","intent":"261004-pseudonymize-customer-login","phase":"launch","stage":"test-plan","reason":"yolo mode: gate auto-satisfied with the recommended answer"}
{"ts":"2026-10-04T06:00:21.799Z","engineVersion":"0.1.0","event":"STAGE_STARTED","space":"default","intent":"261004-pseudonymize-customer-login","phase":"launch","stage":"test-generation"}
{"ts":"2026-10-04T06:08:52.545Z","engineVersion":"0.1.0","space":"default","intent":"261004-pseudonymize-customer-login","phase":"launch","stage":"test-generation","result":"awaiting-approval","userInput":null,"reason":null,"event":"STAGE_AWAITING_APPROVAL"}
{"ts":"2026-10-04T06:08:52.546Z","engineVersion":"0.1.0","event":"STAGE_AUTO_APPROVED","space":"default","intent":"261004-pseudonymize-customer-login","phase":"launch","stage":"test-generation","reason":"yolo mode: gate auto-satisfied with the recommended answer"}
{"ts":"2026-10-04T06:08:52.546Z","engineVersion":"0.1.0","event":"STAGE_STARTED","space":"default","intent":"261004-pseudonymize-customer-login","phase":"launch","stage":"ci-pipeline"}
{"ts":"2026-10-04T06:10:49.089Z","engineVersion":"0.1.0","space":"default","intent":"261004-pseudonymize-customer-login","phase":"launch","stage":"ci-pipeline","result":"awaiting-approval","userInput":null,"reason":null,"event":"STAGE_AWAITING_APPROVAL"}
{"ts":"2026-10-04T06:10:49.089Z","engineVersion":"0.1.0","event":"STAGE_AUTO_APPROVED","space":"default","intent":"261004-pseudonymize-customer-login","phase":"launch","stage":"ci-pipeline","reason":"yolo mode: gate auto-satisfied with the recommended answer"}
{"ts":"2026-10-04T06:10:49.090Z","engineVersion":"0.1.0","event":"STAGE_STARTED","space":"default","intent":"261004-pseudonymize-customer-login","phase":"launch","stage":"deployment"}
{"ts":"2026-10-04T06:11:37.144Z","engineVersion":"0.1.0","space":"default","intent":"261004-pseudonymize-customer-login","phase":"launch","stage":"deployment","result":"awaiting-approval","userInput":null,"reason":null,"event":"STAGE_AWAITING_APPROVAL"}
{"ts":"2026-10-04T06:11:37.145Z","engineVersion":"0.1.0","event":"STAGE_AUTO_APPROVED","space":"default","intent":"261004-pseudonymize-customer-login","phase":"launch","stage":"deployment","reason":"yolo mode: gate auto-satisfied with the recommended answer"}
{"ts":"2026-10-04T06:11:37.145Z","engineVersion":"0.1.0","event":"STAGE_STARTED","space":"default","intent":"261004-pseudonymize-customer-login","phase":"launch","stage":"release-validation"}
{"ts":"2026-10-04T06:24:22.623Z","engineVersion":"0.1.0","space":"default","intent":"261004-pseudonymize-customer-login","phase":"launch","stage":"release-validation","result":"awaiting-approval","userInput":null,"reason":null,"event":"STAGE_AWAITING_APPROVAL"}
{"ts":"2026-10-04T06:24:22.624Z","engineVersion":"0.1.0","event":"STAGE_AUTO_APPROVED","space":"default","intent":"261004-pseudonymize-customer-login","phase":"launch","stage":"release-validation","reason":"yolo mode: gate auto-satisfied with the recommended answer"}
{"ts":"2026-10-04T06:24:22.624Z","engineVersion":"0.1.0","event":"WORKFLOW_COMPLETED","space":"default","intent":"261004-pseudonymize-customer-login"}
{"ts":"2026-10-04T06:32:02.090Z","engineVersion":"0.1.0","event":"INTENT_CREATED","space":"default","intent":"261004-document-the-current","scope":"express"}
{"ts":"2026-10-04T06:32:02.091Z","engineVersion":"0.1.0","event":"SCOPE_SELECTED","space":"default","intent":"261004-document-the-current","scope":"express"}
{"ts":"2026-10-04T06:32:02.091Z","engineVersion":"0.1.0","event":"STAGE_STARTED","space":"default","intent":"261004-document-the-current","phase":"analyze","stage":"intent-capture"}
{"ts":"2026-10-04T06:32:22.903Z","engineVersion":"0.1.0","space":"default","intent":"261004-document-the-current","phase":"analyze","stage":"intent-capture","result":"awaiting-approval","userInput":null,"reason":null,"event":"STAGE_AWAITING_APPROVAL"}
{"ts":"2026-10-04T06:32:22.903Z","engineVersion":"0.1.0","event":"STAGE_AUTO_APPROVED","space":"default","intent":"261004-document-the-current","phase":"analyze","stage":"intent-capture","reason":"yolo mode: gate auto-satisfied with the recommended answer"}
{"ts":"2026-10-04T06:32:22.903Z","engineVersion":"0.1.0","event":"STAGE_STARTED","space":"default","intent":"261004-document-the-current","phase":"analyze","stage":"requirements-analysis"}
{"ts":"2026-10-04T06:32:40.200Z","engineVersion":"0.1.0","space":"default","intent":"261004-document-the-current","phase":"analyze","stage":"requirements-analysis","result":"awaiting-approval","userInput":null,"reason":null,"event":"STAGE_AWAITING_APPROVAL"}
{"ts":"2026-10-04T06:32:40.201Z","engineVersion":"0.1.0","event":"STAGE_AUTO_APPROVED","space":"default","intent":"261004-document-the-current","phase":"analyze","stage":"requirements-analysis","reason":"yolo mode: gate auto-satisfied with the recommended answer"}
{"ts":"2026-10-04T06:32:40.201Z","engineVersion":"0.1.0","event":"STAGE_STARTED","space":"default","intent":"261004-document-the-current","phase":"develop","stage":"task-planning"}
{"ts":"2026-10-04T06:32:51.184Z","engineVersion":"0.1.0","space":"default","intent":"261004-document-the-current","phase":"develop","stage":"task-planning","result":"awaiting-approval","userInput":null,"reason":null,"event":"STAGE_AWAITING_APPROVAL"}
{"ts":"2026-10-04T06:32:51.185Z","engineVersion":"0.1.0","event":"STAGE_AUTO_APPROVED","space":"default","intent":"261004-document-the-current","phase":"develop","stage":"task-planning","reason":"yolo mode: gate auto-satisfied with the recommended answer"}
{"ts":"2026-10-04T06:32:51.185Z","engineVersion":"0.1.0","event":"STAGE_STARTED","space":"default","intent":"261004-document-the-current","phase":"develop","stage":"code-generation"}
{"ts":"2026-10-04T06:36:11.330Z","engineVersion":"0.1.0","space":"default","intent":"261004-document-the-current","phase":"develop","stage":"code-generation","result":"awaiting-approval","userInput":null,"reason":null,"event":"STAGE_AWAITING_APPROVAL"}
{"ts":"2026-10-04T06:36:11.331Z","engineVersion":"0.1.0","event":"STAGE_AUTO_APPROVED","space":"default","intent":"261004-document-the-current","phase":"develop","stage":"code-generation","reason":"yolo mode: gate auto-satisfied with the recommended answer"}
{"ts":"2026-10-04T06:36:11.331Z","engineVersion":"0.1.0","event":"STAGE_STARTED","space":"default","intent":"261004-document-the-current","phase":"develop","stage":"refactor"}
{"ts":"2026-10-04T06:36:24.018Z","engineVersion":"0.1.0","space":"default","intent":"261004-document-the-current","phase":"develop","stage":"refactor","result":"skipped","userInput":null,"reason":"Docs-only intent: no code was changed, nothing to refactor","event":"STAGE_SKIPPED"}
{"ts":"2026-10-04T06:36:24.018Z","engineVersion":"0.1.0","event":"STAGE_STARTED","space":"default","intent":"261004-document-the-current","phase":"launch","stage":"test-plan"}
{"ts":"2026-10-04T06:36:36.954Z","engineVersion":"0.1.0","space":"default","intent":"261004-document-the-current","phase":"launch","stage":"test-plan","result":"awaiting-approval","userInput":null,"reason":null,"event":"STAGE_AWAITING_APPROVAL"}
{"ts":"2026-10-04T06:36:36.955Z","engineVersion":"0.1.0","event":"STAGE_AUTO_APPROVED","space":"default","intent":"261004-document-the-current","phase":"launch","stage":"test-plan","reason":"yolo mode: gate auto-satisfied with the recommended answer"}
{"ts":"2026-10-04T06:36:36.955Z","engineVersion":"0.1.0","event":"STAGE_STARTED","space":"default","intent":"261004-document-the-current","phase":"launch","stage":"test-generation"}
{"ts":"2026-10-04T06:36:46.303Z","engineVersion":"0.1.0","space":"default","intent":"261004-document-the-current","phase":"launch","stage":"test-generation","result":"awaiting-approval","userInput":null,"reason":null,"event":"STAGE_AWAITING_APPROVAL"}
{"ts":"2026-10-04T06:36:46.304Z","engineVersion":"0.1.0","event":"STAGE_AUTO_APPROVED","space":"default","intent":"261004-document-the-current","phase":"launch","stage":"test-generation","reason":"yolo mode: gate auto-satisfied with the recommended answer"}
{"ts":"2026-10-04T06:36:46.304Z","engineVersion":"0.1.0","event":"STAGE_STARTED","space":"default","intent":"261004-document-the-current","phase":"launch","stage":"ci-pipeline"}
{"ts":"2026-10-04T06:36:46.351Z","engineVersion":"0.1.0","space":"default","intent":"261004-document-the-current","phase":"launch","stage":"ci-pipeline","result":"skipped","userInput":null,"reason":"Docs-only change; existing CI unaffected (no docs lint job exists)","event":"STAGE_SKIPPED"}
{"ts":"2026-10-04T06:36:46.352Z","engineVersion":"0.1.0","event":"STAGE_STARTED","space":"default","intent":"261004-document-the-current","phase":"launch","stage":"deployment"}
{"ts":"2026-10-04T06:36:53.259Z","engineVersion":"0.1.0","space":"default","intent":"261004-document-the-current","phase":"launch","stage":"deployment","result":"skipped","userInput":null,"reason":"Docs-only: delivered by commit/push to doitsu2014/sandworm when the owner asks; nothing to deploy","event":"STAGE_SKIPPED"}
{"ts":"2026-10-04T06:36:53.259Z","engineVersion":"0.1.0","event":"WORKFLOW_COMPLETED","space":"default","intent":"261004-document-the-current"}
{"ts":"2026-10-04T06:51:06.536Z","engineVersion":"0.1.0","event":"INTENT_CREATED","space":"default","intent":"261004-refactor-customer-login","scope":"feature"}
{"ts":"2026-10-04T06:51:06.536Z","engineVersion":"0.1.0","event":"SCOPE_SELECTED","space":"default","intent":"261004-refactor-customer-login","scope":"feature"}
{"ts":"2026-10-04T06:51:06.536Z","engineVersion":"0.1.0","event":"STAGE_STARTED","space":"default","intent":"261004-refactor-customer-login","phase":"analyze","stage":"intent-capture"}
{"ts":"2026-10-04T06:56:20.341Z","engineVersion":"0.1.0","space":"default","intent":"261004-refactor-customer-login","phase":"analyze","stage":"intent-capture","result":"awaiting-approval","userInput":null,"reason":null,"event":"STAGE_AWAITING_APPROVAL"}
{"ts":"2026-10-04T06:56:20.341Z","engineVersion":"0.1.0","event":"STAGE_AUTO_APPROVED","space":"default","intent":"261004-refactor-customer-login","phase":"analyze","stage":"intent-capture","reason":"yolo mode: gate auto-satisfied with the recommended answer"}
{"ts":"2026-10-04T06:56:20.342Z","engineVersion":"0.1.0","event":"STAGE_STARTED","space":"default","intent":"261004-refactor-customer-login","phase":"analyze","stage":"requirements-analysis"}
{"ts":"2026-10-04T06:56:42.926Z","engineVersion":"0.1.0","space":"default","intent":"261004-refactor-customer-login","phase":"analyze","stage":"requirements-analysis","result":"awaiting-approval","userInput":null,"reason":null,"event":"STAGE_AWAITING_APPROVAL"}
{"ts":"2026-10-04T06:56:42.926Z","engineVersion":"0.1.0","event":"STAGE_AUTO_APPROVED","space":"default","intent":"261004-refactor-customer-login","phase":"analyze","stage":"requirements-analysis","reason":"yolo mode: gate auto-satisfied with the recommended answer"}
{"ts":"2026-10-04T06:56:42.927Z","engineVersion":"0.1.0","event":"STAGE_STARTED","space":"default","intent":"261004-refactor-customer-login","phase":"analyze","stage":"feasibility-assessment"}
{"ts":"2026-10-04T06:57:27.513Z","engineVersion":"0.1.0","space":"default","intent":"261004-refactor-customer-login","phase":"analyze","stage":"feasibility-assessment","result":"awaiting-approval","userInput":null,"reason":null,"event":"STAGE_AWAITING_APPROVAL"}
{"ts":"2026-10-04T06:57:27.514Z","engineVersion":"0.1.0","event":"STAGE_AUTO_APPROVED","space":"default","intent":"261004-refactor-customer-login","phase":"analyze","stage":"feasibility-assessment","reason":"yolo mode: gate auto-satisfied with the recommended answer"}
{"ts":"2026-10-04T06:57:27.515Z","engineVersion":"0.1.0","event":"STAGE_STARTED","space":"default","intent":"261004-refactor-customer-login","phase":"ideate","stage":"architecture-design"}
{"ts":"2026-10-04T06:57:51.756Z","engineVersion":"0.1.0","space":"default","intent":"261004-refactor-customer-login","phase":"ideate","stage":"architecture-design","result":"awaiting-approval","userInput":null,"reason":null,"event":"STAGE_AWAITING_APPROVAL"}
{"ts":"2026-10-04T06:57:51.756Z","engineVersion":"0.1.0","event":"STAGE_AUTO_APPROVED","space":"default","intent":"261004-refactor-customer-login","phase":"ideate","stage":"architecture-design","reason":"yolo mode: gate auto-satisfied with the recommended answer"}
{"ts":"2026-10-04T06:57:51.756Z","engineVersion":"0.1.0","event":"STAGE_STARTED","space":"default","intent":"261004-refactor-customer-login","phase":"ideate","stage":"api-contract"}
{"ts":"2026-10-04T06:58:31.249Z","engineVersion":"0.1.0","space":"default","intent":"261004-refactor-customer-login","phase":"ideate","stage":"api-contract","result":"awaiting-approval","userInput":null,"reason":null,"event":"STAGE_AWAITING_APPROVAL"}
{"ts":"2026-10-04T06:58:31.250Z","engineVersion":"0.1.0","event":"STAGE_AUTO_APPROVED","space":"default","intent":"261004-refactor-customer-login","phase":"ideate","stage":"api-contract","reason":"yolo mode: gate auto-satisfied with the recommended answer"}
{"ts":"2026-10-04T06:58:31.250Z","engineVersion":"0.1.0","event":"STAGE_STARTED","space":"default","intent":"261004-refactor-customer-login","phase":"ideate","stage":"design-patterns"}
{"ts":"2026-10-04T06:58:42.600Z","engineVersion":"0.1.0","space":"default","intent":"261004-refactor-customer-login","phase":"ideate","stage":"design-patterns","result":"awaiting-approval","userInput":null,"reason":null,"event":"STAGE_AWAITING_APPROVAL"}
{"ts":"2026-10-04T06:58:42.600Z","engineVersion":"0.1.0","event":"STAGE_AUTO_APPROVED","space":"default","intent":"261004-refactor-customer-login","phase":"ideate","stage":"design-patterns","reason":"yolo mode: gate auto-satisfied with the recommended answer"}
{"ts":"2026-10-04T06:58:42.600Z","engineVersion":"0.1.0","event":"STAGE_STARTED","space":"default","intent":"261004-refactor-customer-login","phase":"ideate","stage":"technical-spec"}
{"ts":"2026-10-04T06:58:59.201Z","engineVersion":"0.1.0","space":"default","intent":"261004-refactor-customer-login","phase":"ideate","stage":"technical-spec","result":"awaiting-approval","userInput":null,"reason":null,"event":"STAGE_AWAITING_APPROVAL"}
{"ts":"2026-10-04T06:58:59.201Z","engineVersion":"0.1.0","event":"STAGE_AUTO_APPROVED","space":"default","intent":"261004-refactor-customer-login","phase":"ideate","stage":"technical-spec","reason":"yolo mode: gate auto-satisfied with the recommended answer"}
{"ts":"2026-10-04T06:58:59.202Z","engineVersion":"0.1.0","event":"STAGE_STARTED","space":"default","intent":"261004-refactor-customer-login","phase":"develop","stage":"task-planning"}
{"ts":"2026-10-04T06:59:13.864Z","engineVersion":"0.1.0","space":"default","intent":"261004-refactor-customer-login","phase":"develop","stage":"task-planning","result":"awaiting-approval","userInput":null,"reason":null,"event":"STAGE_AWAITING_APPROVAL"}
{"ts":"2026-10-04T06:59:13.865Z","engineVersion":"0.1.0","event":"STAGE_AUTO_APPROVED","space":"default","intent":"261004-refactor-customer-login","phase":"develop","stage":"task-planning","reason":"yolo mode: gate auto-satisfied with the recommended answer"}
{"ts":"2026-10-04T06:59:13.865Z","engineVersion":"0.1.0","event":"STAGE_STARTED","space":"default","intent":"261004-refactor-customer-login","phase":"develop","stage":"code-generation"}
{"ts":"2026-10-04T07:21:12.105Z","engineVersion":"0.1.0","space":"default","intent":"261004-refactor-customer-login","phase":"develop","stage":"code-generation","result":"awaiting-approval","userInput":null,"reason":null,"event":"STAGE_AWAITING_APPROVAL"}
{"ts":"2026-10-04T07:21:12.106Z","engineVersion":"0.1.0","event":"STAGE_AUTO_APPROVED","space":"default","intent":"261004-refactor-customer-login","phase":"develop","stage":"code-generation","reason":"yolo mode: gate auto-satisfied with the recommended answer"}
{"ts":"2026-10-04T07:21:12.106Z","engineVersion":"0.1.0","event":"STAGE_STARTED","space":"default","intent":"261004-refactor-customer-login","phase":"develop","stage":"code-review"}
{"ts":"2026-10-04T07:32:41.198Z","engineVersion":"0.1.0","space":"default","intent":"261004-refactor-customer-login","phase":"develop","stage":"code-review","result":"awaiting-approval","userInput":null,"reason":null,"event":"STAGE_AWAITING_APPROVAL"}
{"ts":"2026-10-04T07:32:41.199Z","engineVersion":"0.1.0","event":"STAGE_AUTO_APPROVED","space":"default","intent":"261004-refactor-customer-login","phase":"develop","stage":"code-review","reason":"yolo mode: gate auto-satisfied with the recommended answer"}
{"ts":"2026-10-04T07:32:41.199Z","engineVersion":"0.1.0","event":"STAGE_STARTED","space":"default","intent":"261004-refactor-customer-login","phase":"develop","stage":"refactor"}
{"ts":"2026-10-04T07:32:48.331Z","engineVersion":"0.1.0","space":"default","intent":"261004-refactor-customer-login","phase":"develop","stage":"refactor","result":"skipped","userInput":null,"reason":"Covered by code generation: dead code removed with the resolve model","event":"STAGE_SKIPPED"}
{"ts":"2026-10-04T07:32:48.331Z","engineVersion":"0.1.0","event":"STAGE_STARTED","space":"default","intent":"261004-refactor-customer-login","phase":"launch","stage":"test-plan"}
{"ts":"2026-10-04T07:33:04.273Z","engineVersion":"0.1.0","space":"default","intent":"261004-refactor-customer-login","phase":"launch","stage":"test-plan","result":"awaiting-approval","userInput":null,"reason":null,"event":"STAGE_AWAITING_APPROVAL"}
{"ts":"2026-10-04T07:33:04.273Z","engineVersion":"0.1.0","event":"STAGE_AUTO_APPROVED","space":"default","intent":"261004-refactor-customer-login","phase":"launch","stage":"test-plan","reason":"yolo mode: gate auto-satisfied with the recommended answer"}
{"ts":"2026-10-04T07:33:04.274Z","engineVersion":"0.1.0","event":"STAGE_STARTED","space":"default","intent":"261004-refactor-customer-login","phase":"launch","stage":"test-generation"}
{"ts":"2026-10-04T07:33:16.082Z","engineVersion":"0.1.0","space":"default","intent":"261004-refactor-customer-login","phase":"launch","stage":"test-generation","result":"awaiting-approval","userInput":null,"reason":null,"event":"STAGE_AWAITING_APPROVAL"}
{"ts":"2026-10-04T07:33:16.083Z","engineVersion":"0.1.0","event":"STAGE_AUTO_APPROVED","space":"default","intent":"261004-refactor-customer-login","phase":"launch","stage":"test-generation","reason":"yolo mode: gate auto-satisfied with the recommended answer"}
{"ts":"2026-10-04T07:33:16.083Z","engineVersion":"0.1.0","event":"STAGE_STARTED","space":"default","intent":"261004-refactor-customer-login","phase":"launch","stage":"ci-pipeline"}
{"ts":"2026-10-04T07:33:23.432Z","engineVersion":"0.1.0","space":"default","intent":"261004-refactor-customer-login","phase":"launch","stage":"ci-pipeline","result":"skipped","userInput":null,"reason":"No CI change: the existing make test / test-integration targets cover the new code; no new tooling","event":"STAGE_SKIPPED"}
{"ts":"2026-10-04T07:33:23.433Z","engineVersion":"0.1.0","event":"STAGE_STARTED","space":"default","intent":"261004-refactor-customer-login","phase":"launch","stage":"deployment"}
{"ts":"2026-10-04T07:33:37.932Z","engineVersion":"0.1.0","space":"default","intent":"261004-refactor-customer-login","phase":"launch","stage":"deployment","result":"awaiting-approval","userInput":null,"reason":null,"event":"STAGE_AWAITING_APPROVAL"}
{"ts":"2026-10-04T07:33:37.932Z","engineVersion":"0.1.0","event":"STAGE_AUTO_APPROVED","space":"default","intent":"261004-refactor-customer-login","phase":"launch","stage":"deployment","reason":"yolo mode: gate auto-satisfied with the recommended answer"}
{"ts":"2026-10-04T07:33:37.933Z","engineVersion":"0.1.0","event":"STAGE_STARTED","space":"default","intent":"261004-refactor-customer-login","phase":"launch","stage":"release-validation"}
{"ts":"2026-10-04T07:36:17.279Z","engineVersion":"0.1.0","space":"default","intent":"261004-refactor-customer-login","phase":"launch","stage":"release-validation","result":"awaiting-approval","userInput":null,"reason":null,"event":"STAGE_AWAITING_APPROVAL"}
{"ts":"2026-10-04T07:36:17.280Z","engineVersion":"0.1.0","event":"STAGE_AUTO_APPROVED","space":"default","intent":"261004-refactor-customer-login","phase":"launch","stage":"release-validation","reason":"yolo mode: gate auto-satisfied with the recommended answer"}
{"ts":"2026-10-04T07:36:17.280Z","engineVersion":"0.1.0","event":"WORKFLOW_COMPLETED","space":"default","intent":"261004-refactor-customer-login"}
